\BOOKMARK [1][-]{section.1}{\376\377\000I\000n\000t\000r\000o\000d\000u\000c\000t\000i\000o\000n}{}% 1
\BOOKMARK [1][-]{section.2}{\376\377\000P\000r\000o\000b\000l\000e\000m\000\040\000S\000e\000t\000u\000p}{}% 2
\BOOKMARK [2][-]{subsection.2.1}{\376\377\000G\000o\000v\000e\000r\000n\000i\000n\000g\000\040\000E\000q\000u\000a\000t\000i\000o\000n\000s}{section.2}% 3
\BOOKMARK [2][-]{subsection.2.2}{\376\377\000N\000u\000m\000e\000r\000i\000c\000a\000l\000\040\000S\000c\000h\000e\000m\000e\000s}{section.2}% 4
\BOOKMARK [3][-]{subsubsection.2.2.1}{\376\377\000L\000a\000x\040\023\000W\000e\000n\000d\000r\000o\000f\000f\000\040\000S\000c\000h\000e\000m\000e}{subsection.2.2}% 5
\BOOKMARK [3][-]{subsubsection.2.2.2}{\376\377\000H\000a\000r\000t\000e\000n\040\023\000L\000a\000x\040\023\000v\000a\000n\000\040\000L\000e\000e\000r\000\040\000\050\000H\000L\000L\000\051\000\040\000S\000c\000h\000e\000m\000e}{subsection.2.2}% 6
\BOOKMARK [3][-]{subsubsection.2.2.3}{\376\377\000M\000U\000S\000C\000L\000\040\000S\000c\000h\000e\000m\000e\000\040\000w\000i\000t\000h\000\040\000S\000S\000P\040\023\000R\000K\0003\000\040\000T\000i\000m\000e\000\040\000I\000n\000t\000e\000g\000r\000a\000t\000i\000o\000n}{subsection.2.2}% 7
\BOOKMARK [2][-]{subsection.2.3}{\376\377\000I\000n\000i\000t\000i\000a\000l\000\040\000C\000o\000n\000d\000i\000t\000i\000o\000n\000s\000\040\000f\000o\000r\000\040\000D\000a\000m\000-\000B\000r\000e\000a\000k\000\040\000S\000c\000e\000n\000a\000r\000i\000o\000s}{section.2}% 8
\BOOKMARK [3][-]{subsubsection.2.3.1}{\376\377\000V\000a\000r\000i\000a\000n\000t\000\040\0001\000:\000\040\000S\000t\000e\000p\000\040\000\050\000S\000i\000m\000p\000l\000e\000\051\000\040\000D\000a\000m\000-\000B\000r\000e\000a\000k}{subsection.2.3}% 9
\BOOKMARK [3][-]{subsubsection.2.3.2}{\376\377\000V\000a\000r\000i\000a\000n\000t\000\040\0002\000:\000\040\000R\000e\000c\000t\000a\000n\000g\000u\000l\000a\000r\000\040\000D\000a\000m\000-\000B\000r\000e\000a\000k}{subsection.2.3}% 10
\BOOKMARK [3][-]{subsubsection.2.3.3}{\376\377\000V\000a\000r\000i\000a\000n\000t\000\040\0003\000:\000\040\000C\000i\000r\000c\000u\000l\000a\000r\000\040\000D\000a\000m\000-\000B\000r\000e\000a\000k}{subsection.2.3}% 11
\BOOKMARK [3][-]{subsubsection.2.3.4}{\376\377\000V\000a\000r\000i\000a\000n\000t\000\040\0004\000:\000\040\000G\000a\000u\000s\000s\000i\000a\000n\000\040\000D\000a\000m\000-\000B\000r\000e\000a\000k}{subsection.2.3}% 12
\BOOKMARK [3][-]{subsubsection.2.3.5}{\376\377\000V\000a\000r\000i\000a\000n\000t\000\040\0005\000:\000\040\000P\000a\000r\000a\000b\000o\000l\000i\000c\000\040\000D\000a\000m\000-\000B\000r\000e\000a\000k}{subsection.2.3}% 13
\BOOKMARK [3][-]{subsubsection.2.3.6}{\376\377\000V\000a\000r\000i\000a\000n\000t\000\040\0006\000:\000\040\000T\000r\000i\000a\000n\000g\000u\000l\000a\000r\000\040\000\050\000E\000q\000u\000i\000l\000a\000t\000e\000r\000a\000l\000\051\000\040\000D\000a\000m\000-\000B\000r\000e\000a\000k}{subsection.2.3}% 14
\BOOKMARK [3][-]{subsubsection.2.3.7}{\376\377\000N\000u\000m\000e\000r\000i\000c\000a\000l\000\040\000S\000e\000t\000u\000p}{subsection.2.3}% 15
\BOOKMARK [1][-]{section.3}{\376\377\000R\000e\000s\000u\000l\000t\000s\000\040\000a\000n\000d\000\040\000D\000i\000s\000c\000u\000s\000s\000i\000o\000n}{}% 16
\BOOKMARK [2][-]{subsection.3.1}{\376\377\000V\000a\000r\000i\000a\000n\000t\000\040\0001\000:\000\040\000S\000t\000e\000p\000\040\000D\000a\000m\000-\000B\000r\000e\000a\000k}{section.3}% 17
\BOOKMARK [2][-]{subsection.3.2}{\376\377\000V\000a\000r\000i\000a\000n\000t\000\040\0002\000:\000\040\000R\000e\000c\000t\000a\000n\000g\000u\000l\000a\000r\000\040\000D\000a\000m\000-\000B\000r\000e\000a\000k}{section.3}% 18
\BOOKMARK [2][-]{subsection.3.3}{\376\377\000V\000a\000r\000i\000a\000n\000t\000\040\0003\000:\000\040\000C\000i\000r\000c\000u\000l\000a\000r\000\040\000D\000a\000m\000-\000B\000r\000e\000a\000k}{section.3}% 19
\BOOKMARK [2][-]{subsection.3.4}{\376\377\000V\000a\000r\000i\000a\000n\000t\000\040\0004\000:\000\040\000G\000a\000u\000s\000s\000i\000a\000n\000\040\000D\000a\000m\000-\000B\000r\000e\000a\000k}{section.3}% 20
\BOOKMARK [2][-]{subsection.3.5}{\376\377\000V\000a\000r\000i\000a\000n\000t\000\040\0005\000:\000\040\000P\000a\000r\000a\000b\000o\000l\000i\000c\000\040\000D\000a\000m\000-\000B\000r\000e\000a\000k}{section.3}% 21
\BOOKMARK [2][-]{subsection.3.6}{\376\377\000V\000a\000r\000i\000a\000n\000t\000\040\0006\000:\000\040\000T\000r\000i\000a\000n\000g\000u\000l\000a\000r\000\040\000D\000a\000m\000-\000B\000r\000e\000a\000k}{section.3}% 22
